<?php return array (
  0 => 'Symfony\\Bundle\\FrameworkBundle\\Templating\\GlobalVariables',
  1 => 'Symfony\\Bundle\\FrameworkBundle\\Templating\\TemplateReference',
  2 => 'Symfony\\Bundle\\FrameworkBundle\\Templating\\TemplateNameParser',
  3 => 'Symfony\\Bundle\\FrameworkBundle\\Templating\\Loader\\TemplateLocator',
  4 => 'Symfony\\Component\\Templating\\Storage\\FileStorage',
  5 => 'Symfony\\Bundle\\FrameworkBundle\\Templating\\PhpEngine',
  6 => 'Symfony\\Bundle\\FrameworkBundle\\Templating\\Loader\\FilesystemLoader',
  7 => 'Symfony\\Component\\Routing\\Generator\\UrlGenerator',
  8 => 'Symfony\\Component\\Routing\\RequestContext',
  9 => 'Symfony\\Component\\Routing\\Router',
  10 => 'Symfony\\Bundle\\FrameworkBundle\\Routing\\RedirectableUrlMatcher',
  11 => 'Symfony\\Bundle\\FrameworkBundle\\Routing\\Router',
  12 => 'Symfony\\Component\\Config\\FileLocator',
  13 => 'Symfony\\Component\\Debug\\ErrorHandler',
  14 => 'Symfony\\Component\\EventDispatcher\\Event',
  15 => 'Symfony\\Component\\EventDispatcher\\ContainerAwareEventDispatcher',
  16 => 'Symfony\\Component\\HttpKernel\\EventListener\\ResponseListener',
  17 => 'Symfony\\Component\\HttpKernel\\EventListener\\RouterListener',
  18 => 'Symfony\\Component\\HttpKernel\\Controller\\ControllerResolver',
  19 => 'Symfony\\Component\\HttpKernel\\Event\\KernelEvent',
  20 => 'Symfony\\Component\\HttpKernel\\Event\\FilterControllerEvent',
  21 => 'Symfony\\Component\\HttpKernel\\Event\\FilterResponseEvent',
  22 => 'Symfony\\Component\\HttpKernel\\Event\\GetResponseEvent',
  23 => 'Symfony\\Component\\HttpKernel\\Event\\GetResponseForControllerResultEvent',
  24 => 'Symfony\\Component\\HttpKernel\\Event\\GetResponseForExceptionEvent',
  25 => 'Symfony\\Component\\HttpKernel\\KernelEvents',
  26 => 'Symfony\\Component\\HttpKernel\\Config\\FileLocator',
  27 => 'Symfony\\Bundle\\FrameworkBundle\\Controller\\ControllerNameParser',
  28 => 'Symfony\\Bundle\\FrameworkBundle\\Controller\\ControllerResolver',
  29 => 'Twig_Environment',
  30 => 'Twig_Extension',
  31 => 'Twig_Extension_Core',
  32 => 'Twig_Extension_Escaper',
  33 => 'Twig_Extension_Optimizer',
  34 => 'Twig_LoaderInterface',
  35 => 'Twig_Markup',
  36 => 'Twig_Template',
  37 => 'Monolog\\Formatter\\FormatterInterface',
  38 => 'Monolog\\Formatter\\LineFormatter',
  39 => 'Monolog\\Handler\\HandlerInterface',
  40 => 'Monolog\\Handler\\AbstractHandler',
  41 => 'Monolog\\Handler\\AbstractProcessingHandler',
  42 => 'Monolog\\Handler\\StreamHandler',
  43 => 'Monolog\\Handler\\FingersCrossedHandler',
  44 => 'Monolog\\Handler\\FilterHandler',
  45 => 'Monolog\\Handler\\TestHandler',
  46 => 'Monolog\\Logger',
  47 => 'Symfony\\Bridge\\Monolog\\Logger',
  48 => 'Symfony\\Bridge\\Monolog\\Handler\\DebugHandler',
  49 => 'Monolog\\Handler\\FingersCrossed\\ActivationStrategyInterface',
  50 => 'Monolog\\Handler\\FingersCrossed\\ErrorLevelActivationStrategy',
  51 => 'Doctrine\\Common\\Annotations\\DocLexer',
  52 => 'Doctrine\\Common\\Annotations\\FileCacheReader',
  53 => 'Doctrine\\Common\\Annotations\\PhpParser',
  54 => 'Doctrine\\Common\\Annotations\\Reader',
  55 => 'Doctrine\\Common\\Lexer',
  56 => 'Doctrine\\Common\\Persistence\\ConnectionRegistry',
  57 => 'Doctrine\\Common\\Persistence\\Proxy',
  58 => 'Doctrine\\Common\\Util\\ClassUtils',
  59 => 'Doctrine\\Bundle\\DoctrineBundle\\Registry',
  60 => 'Sensio\\Bundle\\FrameworkExtraBundle\\EventListener\\ControllerListener',
  61 => 'Sensio\\Bundle\\FrameworkExtraBundle\\EventListener\\ParamConverterListener',
  62 => 'Sensio\\Bundle\\FrameworkExtraBundle\\Request\\ParamConverter\\DateTimeParamConverter',
  63 => 'Sensio\\Bundle\\FrameworkExtraBundle\\Request\\ParamConverter\\DoctrineParamConverter',
  64 => 'Sensio\\Bundle\\FrameworkExtraBundle\\Request\\ParamConverter\\ParamConverterInterface',
  65 => 'Sensio\\Bundle\\FrameworkExtraBundle\\Request\\ParamConverter\\ParamConverterManager',
  66 => 'Sensio\\Bundle\\FrameworkExtraBundle\\EventListener\\HttpCacheListener',
  67 => 'Sensio\\Bundle\\FrameworkExtraBundle\\EventListener\\SecurityListener',
  68 => 'Sensio\\Bundle\\FrameworkExtraBundle\\Configuration\\ConfigurationAnnotation',
);